// Jest Snapshot v1, https://goo.gl/fbAQLP

exports[`Snapshot 1`] = `
"<div class=\\"bg-wcj-sand\\"><div class=\\"bg-wcj-cyan text-white font-bold min-h-8 py-2 flex flex-row items-center\\"><div class=\\"cursor-pointer flex-grow flex items-center\\"><svg xmlns=\\"http://www.w3.org/2000/svg\\" class=\\"w-4 h-4 mx-2 transition duration-200 transform \\" fill=\\"none\\" viewBox=\\"0 0 24 24\\" stroke=\\"currentColor\\"><path stroke-linecap=\\"square\\" stroke-width=\\"4\\" d=\\"M12 4v16m8-8H4\\"></path></svg>Lindy Hop</div><div class=\\"mx-3 flex\\"><input type=\\"checkbox\\" class=\\"appearance-none w-5 h-5 bg-wcj-sand border-wcj-black border-solid border-[2px] rounded-md
                  after:content-[''] after:relative after:block after:opacity-0

                  indeterminate:after:opacity-100 indeterminate:after:top-[6px] indeterminate:after:left-[2px] indeterminate:after:w-3 indeterminate:after:h-1 
                  indeterminate:after:bg-wcj-black indeterminate:after:rounded-1 indeterminate:after:rotate-0

                  checked:after:opacity-100 checked:after:left-[6px] checked:after:-top-[5px] checked:after:w-2 checked:after:h-4 checked:after:rotate-[50deg] 
                  checked:after:border-solid checked:after:border-0
                  checked:after:border-b-[3px] checked:after:border-r-[3px] checked:after:border-wcj-black checked:after:rounded-br-[3px]
                  \\" readonly=\\"\\" checked=\\"\\"></div></div><div class=\\"bg-wcj-sand overflow-hidden max-h-0\\"><div class=\\"flex flex-row items-center px-2 my-2 min-h-8\\"><div class=\\"h-4 w-4 mr-2 flex-none\\"><svg xmlns=\\"http://www.w3.org/2000/svg\\" class=\\"block text-black opacity-50 hover:opacity-100 cursor-pointer\\" fill=\\"none\\" viewBox=\\"0 0 24 24\\" stroke=\\"currentColor\\"><path stroke-linecap=\\"round\\" stroke-linejoin=\\"round\\" stroke-width=\\"3\\" d=\\"M13 16h-1v-4h-1m1-4h.01M21 12a9 9 0 11-18 0 9 9 0 0118 0z\\"></path></svg></div><div class=\\"flex-grow cursor-pointer pr-2 leading-tight\\">Grundkurs Lindy Hop</div><div class=\\"flex flex-none cursor-pointer\\"><input type=\\"checkbox\\" class=\\"
        appearance-none w-6 h-6 border rounded-full border-opacity-50 border-solid border-black

        after:content-[''] after:relative after:block after:opacity-0 
        after:left-[8px] after:top-[3px] after:w-[6px] after:h-[12px]
        after:rotate-45 after:border-solid after:border-white after:border-0
        
        checked:after:border-b-[2px] checked:after:border-r-[2px] checked:after:opacity-100
      \\" style=\\"background-color: rgb(171, 40, 20);\\" readonly=\\"\\" checked=\\"\\"></div></div></div></div>"
`;
