// Jest Snapshot v1, https://goo.gl/fbAQLP

exports[`EventSelection Snapshot 1`] = `
<body>
  <div>
    <div
      class="flex-none"
    >
      <div
        class="font-xs flex h-16 flex-row items-center justify-center space-x-4 bg-dark"
      >
        <button
          class="button 
        
        
    "
        >
          Select all
        </button>
        <button
          class="button 
        
        
    "
        >
          Deselect all
        </button>
      </div>
    </div>
    <div
      class="w-full flex-grow divide-y divide-secondary-alt overflow-auto bg-light"
      data-testid="event-selection-groups"
    >
      <div
        class="bg-light"
      >
        <div
          class="flex min-h-[32px] flex-row items-center bg-secondary py-2 font-bold text-white"
        >
          <div
            class="flex flex-grow cursor-pointer items-center"
          >
            <svg
              class="w-4 h-4 mx-2 transition duration-200 transform "
              fill="none"
              stroke="currentColor"
              viewBox="0 0 24 24"
              xmlns="http://www.w3.org/2000/svg"
            >
              <path
                d="M12 4v16m8-8H4"
                stroke-linecap="square"
                stroke-width="4"
              />
            </svg>
            Lindy Hop
          </div>
          <div
            class="mx-3 flex"
          >
            <label>
              <input
                checked=""
                class="
        checkbox
        
        h-5 w-5 rounded-md border-[2px]
        border-solid border-dark bg-light
        
        checked:after:left-[6px] checked:after:-top-[5px] 
        checked:after:h-4 checked:after:w-2 
        checked:after:rotate-[50deg] checked:after:rounded-br-[3px]
        checked:after:border-0 checked:after:border-b-[3px] 
        checked:after:border-r-[3px] checked:after:border-solid checked:after:border-dark
        
        indeterminate:after:top-[6px] indeterminate:after:left-[2px] indeterminate:after:h-1 indeterminate:after:w-3 
        indeterminate:after:rotate-0 indeterminate:after:bg-dark
        "
                data-testid="group-checkbox"
                readonly=""
                type="checkbox"
              />
            </label>
          </div>
        </div>
        <div
          class="overflow-hidden bg-light max-h-0"
        >
          <div
            class="my-2 flex min-h-[32px] flex-row items-center px-2"
            data-testid="event-item"
          >
            <div
              class="mr-2 h-4 w-4 flex-none"
            >
              <svg
                class="block text-black opacity-50 hover:opacity-100 cursor-pointer"
                fill="none"
                stroke="currentColor"
                viewBox="0 0 24 24"
                xmlns="http://www.w3.org/2000/svg"
              >
                <path
                  d="M13 16h-1v-4h-1m1-4h.01M21 12a9 9 0 11-18 0 9 9 0 0118 0z"
                  stroke-linecap="round"
                  stroke-linejoin="round"
                  stroke-width="3"
                />
              </svg>
            </div>
            <div
              class="flex-grow cursor-pointer pr-2 leading-tight"
            >
              Grundkurs Lindy Hop
            </div>
            <div
              class="flex flex-none"
            >
              <label>
                <input
                  checked=""
                  class="
          checkbox
          h-6 w-6 rounded-full 
          border border-solid border-black border-opacity-50 
          after:top-[3px] after:left-[8px] after:h-[12px] after:w-[6px] after:rotate-45 
          after:border-0 after:border-solid after:border-white 
          checked:border-none checked:bg-primary 
          checked:after:border-b-[2px] checked:after:border-r-[2px]"
                  data-testid="event-checkbox"
                  readonly=""
                  type="checkbox"
                />
              </label>
            </div>
          </div>
        </div>
      </div>
    </div>
  </div>
</body>
`;
