// Jest Snapshot v1, https://goo.gl/fbAQLP

exports[`EventSelection Snapshot 1`] = `
<body>
  <div>
    <div
      class="flex h-16 flex-shrink-0 flex-row items-center justify-center space-x-4 bg-dark"
    >
      <button
        class="button 
    "
        type="button"
      >
        Select all
      </button>
      <button
        class="button 
    "
        type="button"
      >
        Deselect all
      </button>
    </div>
    <div
      class="w-full flex-grow divide-y divide-secondary-alt overflow-auto bg-light"
      data-testid="event-selection-groups"
      role="list"
    >
      <div
        class="bg-light"
        role="group"
      >
        <div
          class="flex min-h-[32px] cursor-pointer flex-row items-center bg-secondary p-2 font-bold text-white"
        >
          <div
            class="flex flex-grow items-center"
          >
            <img
              class="h-4 w-4 flex-shrink-0 transform transition duration-200 "
              src="test-file-stub"
            />
            <span
              class="ml-2"
            >
              Lindy Hop
            </span>
          </div>
          <div
            class="flex"
          >
            <img
              aria-checked="true"
              class="bg-white"
              data-testid="group-checkbox"
              height="16"
              role="checkbox"
              src="test-file-stub"
              width="16"
            />
          </div>
        </div>
        <div
          class="overflow-hidden bg-light max-h-0"
        >
          <div
            class="m-2 flex min-h-[32px] items-center"
            role="listitem"
          >
            <img
              class="mr-2 block h-4 w-4 flex-none cursor-pointer text-black opacity-50 hover:opacity-100"
              data-testid="info-button"
              src="test-file-stub"
            />
            <div
              class="flex flex-grow items-center"
              data-testid="event-item"
            >
              <span
                class="flex-grow cursor-pointer pr-2 leading-tight"
              >
                Grundkurs Lindy Hop
              </span>
              <span
                aria-checked="true"
                aria-readonly="true"
                class="cursor-pointer"
                data-testid="event-checkbox"
                role="checkbox"
              >
                <img
                  height="16"
                  src="test-file-stub"
                  width="16"
                />
              </span>
            </div>
          </div>
        </div>
      </div>
    </div>
  </div>
</body>
`;
